This is pdfTeX, Version 3.141592653-2.6-1.40.26 (TeX Live 2024 - Spack) (preloaded format=pdflatex 2024.12.17)  4 APR 2026 07:33
entering extended mode
 restricted \write18 enabled.
 %&-line parsing enabled.
**main_james.tex
(./main_james.tex
LaTeX2e <2023-11-01> patch level 1
L3 programming layer <2024-02-20>

(/glade/u/apps/casper/24.12/spack/opt/spack/texlive/20240312/gcc/12.4.0/nm7e/te
xmf-dist/tex/latex/base/article.cls
Document Class: article 2023/05/17 v1.4n Standard LaTeX document class

(/glade/u/apps/casper/24.12/spack/opt/spack/texlive/20240312/gcc/12.4.0/nm7e/te
xmf-dist/tex/latex/base/size11.clo
File: size11.clo 2023/05/17 v1.4n Standard LaTeX file (size option)
)
\c@part=\count188
\c@section=\count189
\c@subsection=\count190
\c@subsubsection=\count191
\c@paragraph=\count192
\c@subparagraph=\count193
\c@figure=\count194
\c@table=\count195
\abovecaptionskip=\skip48
\belowcaptionskip=\skip49
\bibindent=\dimen140
)
(/glade/u/apps/casper/24.12/spack/opt/spack/texlive/20240312/gcc/12.4.0/nm7e/te
xmf-dist/tex/latex/geometry/geometry.sty
Package: geometry 2020/01/02 v5.9 Page Geometry

(/glade/u/apps/casper/24.12/spack/opt/spack/texlive/20240312/gcc/12.4.0/nm7e/te
xmf-dist/tex/latex/graphics/keyval.sty
Package: keyval 2022/05/29 v1.15 key=value parser (DPC)
\KV@toks@=\toks17
)
(/glade/u/apps/casper/24.12/spack/opt/spack/texlive/20240312/gcc/12.4.0/nm7e/te
xmf-dist/tex/generic/iftex/ifvtex.sty
Package: ifvtex 2019/10/25 v1.7 ifvtex legacy package. Use iftex instead.

(/glade/u/apps/casper/24.12/spack/opt/spack/texlive/20240312/gcc/12.4.0/nm7e/te
xmf-dist/tex/generic/iftex/iftex.sty
Package: iftex 2022/02/03 v1.0f TeX engine tests
))
\Gm@cnth=\count196
\Gm@cntv=\count197
\c@Gm@tempcnt=\count198
\Gm@bindingoffset=\dimen141
\Gm@wd@mp=\dimen142
\Gm@odd@mp=\dimen143
\Gm@even@mp=\dimen144
\Gm@layoutwidth=\dimen145
\Gm@layoutheight=\dimen146
\Gm@layouthoffset=\dimen147
\Gm@layoutvoffset=\dimen148
\Gm@dimlist=\toks18
)
(/glade/u/apps/casper/24.12/spack/opt/spack/texlive/20240312/gcc/12.4.0/nm7e/te
xmf-dist/tex/latex/amsmath/amsmath.sty
Package: amsmath 2023/05/13 v2.17o AMS math features
\@mathmargin=\skip50

For additional information on amsmath, use the `?' option.

(/glade/u/apps/casper/24.12/spack/opt/spack/texlive/20240312/gcc/12.4.0/nm7e/te
xmf-dist/tex/latex/amsmath/amstext.sty
Package: amstext 2021/08/26 v2.01 AMS text

(/glade/u/apps/casper/24.12/spack/opt/spack/texlive/20240312/gcc/12.4.0/nm7e/te
xmf-dist/tex/latex/amsmath/amsgen.sty
File: amsgen.sty 1999/11/30 v2.0 generic functions
\@emptytoks=\toks19
\ex@=\dimen149
))
(/glade/u/apps/casper/24.12/spack/opt/spack/texlive/20240312/gcc/12.4.0/nm7e/te
xmf-dist/tex/latex/amsmath/amsbsy.sty
Package: amsbsy 1999/11/29 v1.2d Bold Symbols
\pmbraise@=\dimen150
)
(/glade/u/apps/casper/24.12/spack/opt/spack/texlive/20240312/gcc/12.4.0/nm7e/te
xmf-dist/tex/latex/amsmath/amsopn.sty
Package: amsopn 2022/04/08 v2.04 operator names
)
\inf@bad=\count199
LaTeX Info: Redefining \frac on input line 234.
\uproot@=\count266
\leftroot@=\count267
LaTeX Info: Redefining \overline on input line 399.
LaTeX Info: Redefining \colon on input line 410.
\classnum@=\count268
\DOTSCASE@=\count269
LaTeX Info: Redefining \ldots on input line 496.
LaTeX Info: Redefining \dots on input line 499.
LaTeX Info: Redefining \cdots on input line 620.
\Mathstrutbox@=\box51
\strutbox@=\box52
LaTeX Info: Redefining \big on input line 722.
LaTeX Info: Redefining \Big on input line 723.
LaTeX Info: Redefining \bigg on input line 724.
LaTeX Info: Redefining \Bigg on input line 725.
\big@size=\dimen151
LaTeX Font Info:    Redeclaring font encoding OML on input line 743.
LaTeX Font Info:    Redeclaring font encoding OMS on input line 744.
\macc@depth=\count270
LaTeX Info: Redefining \bmod on input line 905.
LaTeX Info: Redefining \pmod on input line 910.
LaTeX Info: Redefining \smash on input line 940.
LaTeX Info: Redefining \relbar on input line 970.
LaTeX Info: Redefining \Relbar on input line 971.
\c@MaxMatrixCols=\count271
\dotsspace@=\muskip16
\c@parentequation=\count272
\dspbrk@lvl=\count273
\tag@help=\toks20
\row@=\count274
\column@=\count275
\maxfields@=\count276
\andhelp@=\toks21
\eqnshift@=\dimen152
\alignsep@=\dimen153
\tagshift@=\dimen154
\tagwidth@=\dimen155
\totwidth@=\dimen156
\lineht@=\dimen157
\@envbody=\toks22
\multlinegap=\skip51
\multlinetaggap=\skip52
\mathdisplay@stack=\toks23
LaTeX Info: Redefining \[ on input line 2953.
LaTeX Info: Redefining \] on input line 2954.
)
(/glade/u/apps/casper/24.12/spack/opt/spack/texlive/20240312/gcc/12.4.0/nm7e/te
xmf-dist/tex/latex/amsfonts/amssymb.sty
Package: amssymb 2013/01/14 v3.01 AMS font symbols

(/glade/u/apps/casper/24.12/spack/opt/spack/texlive/20240312/gcc/12.4.0/nm7e/te
xmf-dist/tex/latex/amsfonts/amsfonts.sty
Package: amsfonts 2013/01/14 v3.01 Basic AMSFonts support
\symAMSa=\mathgroup4
\symAMSb=\mathgroup5
LaTeX Font Info:    Redeclaring math symbol \hbar on input line 98.
LaTeX Font Info:    Overwriting math alphabet `\mathfrak' in version `bold'
(Font)                  U/euf/m/n --> U/euf/b/n on input line 106.
))
(/glade/u/apps/casper/24.12/spack/opt/spack/texlive/20240312/gcc/12.4.0/nm7e/te
xmf-dist/tex/latex/graphics/graphicx.sty
Package: graphicx 2021/09/16 v1.2d Enhanced LaTeX Graphics (DPC,SPQR)

(/glade/u/apps/casper/24.12/spack/opt/spack/texlive/20240312/gcc/12.4.0/nm7e/te
xmf-dist/tex/latex/graphics/graphics.sty
Package: graphics 2022/03/10 v1.4e Standard LaTeX Graphics (DPC,SPQR)

(/glade/u/apps/casper/24.12/spack/opt/spack/texlive/20240312/gcc/12.4.0/nm7e/te
xmf-dist/tex/latex/graphics/trig.sty
Package: trig 2021/08/11 v1.11 sin cos tan (DPC)
)
(/glade/u/apps/casper/24.12/spack/opt/spack/texlive/20240312/gcc/12.4.0/nm7e/te
xmf-dist/tex/latex/graphics-cfg/graphics.cfg
File: graphics.cfg 2016/06/04 v1.11 sample graphics configuration
)
Package graphics Info: Driver file: pdftex.def on input line 107.

(/glade/u/apps/casper/24.12/spack/opt/spack/texlive/20240312/gcc/12.4.0/nm7e/te
xmf-dist/tex/latex/graphics-def/pdftex.def
File: pdftex.def 2022/09/22 v1.2b Graphics/color driver for pdftex
))
\Gin@req@height=\dimen158
\Gin@req@width=\dimen159
)
(/glade/u/apps/casper/24.12/spack/opt/spack/texlive/20240312/gcc/12.4.0/nm7e/te
xmf-dist/tex/latex/natbib/natbib.sty
Package: natbib 2010/09/13 8.31b (PWD, AO)
\bibhang=\skip53
\bibsep=\skip54
LaTeX Info: Redefining \cite on input line 694.
\c@NAT@ctr=\count277
)
(/glade/u/apps/casper/24.12/spack/opt/spack/texlive/20240312/gcc/12.4.0/nm7e/te
xmf-dist/tex/latex/hyperref/hyperref.sty
Package: hyperref 2024-01-20 v7.01h Hypertext links for LaTeX

(/glade/u/apps/casper/24.12/spack/opt/spack/texlive/20240312/gcc/12.4.0/nm7e/te
xmf-dist/tex/latex/kvsetkeys/kvsetkeys.sty
Package: kvsetkeys 2022-10-05 v1.19 Key value parser (HO)
)
(/glade/u/apps/casper/24.12/spack/opt/spack/texlive/20240312/gcc/12.4.0/nm7e/te
xmf-dist/tex/generic/kvdefinekeys/kvdefinekeys.sty
Package: kvdefinekeys 2019-12-19 v1.6 Define keys (HO)
)
(/glade/u/apps/casper/24.12/spack/opt/spack/texlive/20240312/gcc/12.4.0/nm7e/te
xmf-dist/tex/generic/pdfescape/pdfescape.sty
Package: pdfescape 2019/12/09 v1.15 Implements pdfTeX's escape features (HO)

(/glade/u/apps/casper/24.12/spack/opt/spack/texlive/20240312/gcc/12.4.0/nm7e/te
xmf-dist/tex/generic/ltxcmds/ltxcmds.sty
Package: ltxcmds 2023-12-04 v1.26 LaTeX kernel commands for general use (HO)
)
(/glade/u/apps/casper/24.12/spack/opt/spack/texlive/20240312/gcc/12.4.0/nm7e/te
xmf-dist/tex/generic/pdftexcmds/pdftexcmds.sty
Package: pdftexcmds 2020-06-27 v0.33 Utility functions of pdfTeX for LuaTeX (HO
)

(/glade/u/apps/casper/24.12/spack/opt/spack/texlive/20240312/gcc/12.4.0/nm7e/te
xmf-dist/tex/generic/infwarerr/infwarerr.sty
Package: infwarerr 2019/12/03 v1.5 Providing info/warning/error messages (HO)
)
Package pdftexcmds Info: \pdf@primitive is available.
Package pdftexcmds Info: \pdf@ifprimitive is available.
Package pdftexcmds Info: \pdfdraftmode found.
))
(/glade/u/apps/casper/24.12/spack/opt/spack/texlive/20240312/gcc/12.4.0/nm7e/te
xmf-dist/tex/latex/hycolor/hycolor.sty
Package: hycolor 2020-01-27 v1.10 Color options for hyperref/bookmark (HO)
)
(/glade/u/apps/casper/24.12/spack/opt/spack/texlive/20240312/gcc/12.4.0/nm7e/te
xmf-dist/tex/latex/auxhook/auxhook.sty
Package: auxhook 2019-12-17 v1.6 Hooks for auxiliary files (HO)
)
(/glade/u/apps/casper/24.12/spack/opt/spack/texlive/20240312/gcc/12.4.0/nm7e/te
xmf-dist/tex/latex/hyperref/nameref.sty
Package: nameref 2023-11-26 v2.56 Cross-referencing by name of section

(/glade/u/apps/casper/24.12/spack/opt/spack/texlive/20240312/gcc/12.4.0/nm7e/te
xmf-dist/tex/latex/refcount/refcount.sty
Package: refcount 2019/12/15 v3.6 Data extraction from label references (HO)
)
(/glade/u/apps/casper/24.12/spack/opt/spack/texlive/20240312/gcc/12.4.0/nm7e/te
xmf-dist/tex/generic/gettitlestring/gettitlestring.sty
Package: gettitlestring 2019/12/15 v1.6 Cleanup title references (HO)

(/glade/u/apps/casper/24.12/spack/opt/spack/texlive/20240312/gcc/12.4.0/nm7e/te
xmf-dist/tex/latex/kvoptions/kvoptions.sty
Package: kvoptions 2022-06-15 v3.15 Key value format for package options (HO)
))
\c@section@level=\count278
)
(/glade/u/apps/casper/24.12/spack/opt/spack/texlive/20240312/gcc/12.4.0/nm7e/te
xmf-dist/tex/latex/etoolbox/etoolbox.sty
Package: etoolbox 2020/10/05 v2.5k e-TeX tools for LaTeX (JAW)
\etb@tempcnta=\count279
)
\@linkdim=\dimen160
\Hy@linkcounter=\count280
\Hy@pagecounter=\count281

(/glade/u/apps/casper/24.12/spack/opt/spack/texlive/20240312/gcc/12.4.0/nm7e/te
xmf-dist/tex/latex/hyperref/pd1enc.def
File: pd1enc.def 2024-01-20 v7.01h Hyperref: PDFDocEncoding definition (HO)
Now handling font encoding PD1 ...
... no UTF-8 mapping file for font encoding PD1
)
(/glade/u/apps/casper/24.12/spack/opt/spack/texlive/20240312/gcc/12.4.0/nm7e/te
xmf-dist/tex/generic/intcalc/intcalc.sty
Package: intcalc 2019/12/15 v1.3 Expandable calculations with integers (HO)
)
\Hy@SavedSpaceFactor=\count282

(/glade/u/apps/casper/24.12/spack/opt/spack/texlive/20240312/gcc/12.4.0/nm7e/te
xmf-dist/tex/latex/hyperref/puenc.def
File: puenc.def 2024-01-20 v7.01h Hyperref: PDF Unicode definition (HO)
Now handling font encoding PU ...
... no UTF-8 mapping file for font encoding PU
)
Package hyperref Info: Hyper figures OFF on input line 4179.
Package hyperref Info: Link nesting OFF on input line 4184.
Package hyperref Info: Hyper index ON on input line 4187.
Package hyperref Info: Plain pages OFF on input line 4194.
Package hyperref Info: Backreferencing OFF on input line 4199.
Package hyperref Info: Implicit mode ON; LaTeX internals redefined.
Package hyperref Info: Bookmarks ON on input line 4446.
\c@Hy@tempcnt=\count283

(/glade/u/apps/casper/24.12/spack/opt/spack/texlive/20240312/gcc/12.4.0/nm7e/te
xmf-dist/tex/latex/url/url.sty
\Urlmuskip=\muskip17
Package: url 2013/09/16  ver 3.4  Verb mode for urls, etc.
)
LaTeX Info: Redefining \url on input line 4784.
\XeTeXLinkMargin=\dimen161

(/glade/u/apps/casper/24.12/spack/opt/spack/texlive/20240312/gcc/12.4.0/nm7e/te
xmf-dist/tex/generic/bitset/bitset.sty
Package: bitset 2019/12/09 v1.3 Handle bit-vector datatype (HO)

(/glade/u/apps/casper/24.12/spack/opt/spack/texlive/20240312/gcc/12.4.0/nm7e/te
xmf-dist/tex/generic/bigintcalc/bigintcalc.sty
Package: bigintcalc 2019/12/15 v1.5 Expandable calculations on big integers (HO
)
))
\Fld@menulength=\count284
\Field@Width=\dimen162
\Fld@charsize=\dimen163
Package hyperref Info: Hyper figures OFF on input line 6063.
Package hyperref Info: Link nesting OFF on input line 6068.
Package hyperref Info: Hyper index ON on input line 6071.
Package hyperref Info: backreferencing OFF on input line 6078.
Package hyperref Info: Link coloring OFF on input line 6083.
Package hyperref Info: Link coloring with OCG OFF on input line 6088.
Package hyperref Info: PDF/A mode OFF on input line 6093.

(/glade/u/apps/casper/24.12/spack/opt/spack/texlive/20240312/gcc/12.4.0/nm7e/te
xmf-dist/tex/latex/base/atbegshi-ltx.sty
Package: atbegshi-ltx 2021/01/10 v1.0c Emulation of the original atbegshi
package with kernel methods
)
\Hy@abspage=\count285
\c@Item=\count286
\c@Hfootnote=\count287
)
Package hyperref Info: Driver (autodetected): hpdftex.

(/glade/u/apps/casper/24.12/spack/opt/spack/texlive/20240312/gcc/12.4.0/nm7e/te
xmf-dist/tex/latex/hyperref/hpdftex.def
File: hpdftex.def 2024-01-20 v7.01h Hyperref driver for pdfTeX

(/glade/u/apps/casper/24.12/spack/opt/spack/texlive/20240312/gcc/12.4.0/nm7e/te
xmf-dist/tex/latex/base/atveryend-ltx.sty
Package: atveryend-ltx 2020/08/19 v1.0a Emulation of the original atveryend pac
kage
with kernel methods
)
\Fld@listcount=\count288
\c@bookmark@seq@number=\count289

(/glade/u/apps/casper/24.12/spack/opt/spack/texlive/20240312/gcc/12.4.0/nm7e/te
xmf-dist/tex/latex/rerunfilecheck/rerunfilecheck.sty
Package: rerunfilecheck 2022-07-10 v1.10 Rerun checks for auxiliary files (HO)

(/glade/u/apps/casper/24.12/spack/opt/spack/texlive/20240312/gcc/12.4.0/nm7e/te
xmf-dist/tex/generic/uniquecounter/uniquecounter.sty
Package: uniquecounter 2019/12/15 v1.4 Provide unlimited unique counter (HO)
)
Package uniquecounter Info: New unique counter `rerunfilecheck' on input line 2
85.
)
\Hy@SectionHShift=\skip55
)
(/glade/u/apps/casper/24.12/spack/opt/spack/texlive/20240312/gcc/12.4.0/nm7e/te
xmf-dist/tex/latex/booktabs/booktabs.sty
Package: booktabs 2020/01/12 v1.61803398 Publication quality tables
\heavyrulewidth=\dimen164
\lightrulewidth=\dimen165
\cmidrulewidth=\dimen166
\belowrulesep=\dimen167
\belowbottomsep=\dimen168
\aboverulesep=\dimen169
\abovetopsep=\dimen170
\cmidrulesep=\dimen171
\cmidrulekern=\dimen172
\defaultaddspace=\dimen173
\@cmidla=\count290
\@cmidlb=\count291
\@aboverulesep=\dimen174
\@belowrulesep=\dimen175
\@thisruleclass=\count292
\@lastruleclass=\count293
\@thisrulewidth=\dimen176
)
(/glade/u/apps/casper/24.12/spack/opt/spack/texlive/20240312/gcc/12.4.0/nm7e/te
xmf-dist/tex/latex/setspace/setspace.sty
Package: setspace 2022/12/04 v6.7b set line spacing
)
(/glade/u/apps/casper/24.12/spack/opt/spack/texlive/20240312/gcc/12.4.0/nm7e/te
xmf-dist/tex/latex/lineno/lineno.sty
Package: lineno 2023/05/20 line numbers on paragraphs v5.3
\linenopenalty=\count294
\output=\toks24
\linenoprevgraf=\count295
\linenumbersep=\dimen177
\linenumberwidth=\dimen178
\c@linenumber=\count296
\c@pagewiselinenumber=\count297
\c@LN@truepage=\count298
\c@internallinenumber=\count299
\c@internallinenumbers=\count300
\quotelinenumbersep=\dimen179
\bframerule=\dimen180
\bframesep=\dimen181
\bframebox=\box53
\linenoamsmath@ams@eqpen=\count301
LaTeX Info: Redefining \\ on input line 3180.
)
(/glade/u/apps/casper/24.12/spack/opt/spack/texlive/20240312/gcc/12.4.0/nm7e/te
xmf-dist/tex/latex/xcolor/xcolor.sty
Package: xcolor 2023/11/15 v3.01 LaTeX color extensions (UK)

(/glade/u/apps/casper/24.12/spack/opt/spack/texlive/20240312/gcc/12.4.0/nm7e/te
xmf-dist/tex/latex/graphics-cfg/color.cfg
File: color.cfg 2016/01/02 v1.6 sample color configuration
)
Package xcolor Info: Driver file: pdftex.def on input line 274.

(/glade/u/apps/casper/24.12/spack/opt/spack/texlive/20240312/gcc/12.4.0/nm7e/te
xmf-dist/tex/latex/graphics/mathcolor.ltx)
Package xcolor Info: Model `cmy' substituted by `cmy0' on input line 1350.
Package xcolor Info: Model `hsb' substituted by `rgb' on input line 1354.
Package xcolor Info: Model `RGB' extended on input line 1366.
Package xcolor Info: Model `HTML' substituted by `rgb' on input line 1368.
Package xcolor Info: Model `Hsb' substituted by `hsb' on input line 1369.
Package xcolor Info: Model `tHsb' substituted by `hsb' on input line 1370.
Package xcolor Info: Model `HSB' substituted by `hsb' on input line 1371.
Package xcolor Info: Model `Gray' substituted by `gray' on input line 1372.
Package xcolor Info: Model `wave' substituted by `hsb' on input line 1373.
)
(/glade/u/apps/casper/24.12/spack/opt/spack/texlive/20240312/gcc/12.4.0/nm7e/te
xmf-dist/tex/latex/l3backend/l3backend-pdftex.def
File: l3backend-pdftex.def 2024-02-20 L3 backend support: PDF output (pdfTeX)
\l__color_backend_stack_int=\count302
\l__pdf_internal_box=\box54
) (./main_james.aux)
\openout1 = `main_james.aux'.

LaTeX Font Info:    Checking defaults for OML/cmm/m/it on input line 69.
LaTeX Font Info:    ... okay on input line 69.
LaTeX Font Info:    Checking defaults for OMS/cmsy/m/n on input line 69.
LaTeX Font Info:    ... okay on input line 69.
LaTeX Font Info:    Checking defaults for OT1/cmr/m/n on input line 69.
LaTeX Font Info:    ... okay on input line 69.
LaTeX Font Info:    Checking defaults for T1/cmr/m/n on input line 69.
LaTeX Font Info:    ... okay on input line 69.
LaTeX Font Info:    Checking defaults for TS1/cmr/m/n on input line 69.
LaTeX Font Info:    ... okay on input line 69.
LaTeX Font Info:    Checking defaults for OMX/cmex/m/n on input line 69.
LaTeX Font Info:    ... okay on input line 69.
LaTeX Font Info:    Checking defaults for U/cmr/m/n on input line 69.
LaTeX Font Info:    ... okay on input line 69.
LaTeX Font Info:    Checking defaults for PD1/pdf/m/n on input line 69.
LaTeX Font Info:    ... okay on input line 69.
LaTeX Font Info:    Checking defaults for PU/pdf/m/n on input line 69.
LaTeX Font Info:    ... okay on input line 69.

*geometry* driver: auto-detecting
*geometry* detected driver: pdftex
*geometry* verbose mode - [ preamble ] result:
* driver: pdftex
* paper: <default>
* layout: <same size as paper>
* layoutoffset:(h,v)=(0.0pt,0.0pt)
* modes: 
* h-part:(L,W,R)=(72.26999pt, 469.75502pt, 72.26999pt)
* v-part:(T,H,B)=(72.26999pt, 650.43001pt, 72.26999pt)
* \paperwidth=614.295pt
* \paperheight=794.96999pt
* \textwidth=469.75502pt
* \textheight=650.43001pt
* \oddsidemargin=0.0pt
* \evensidemargin=0.0pt
* \topmargin=-37.0pt
* \headheight=12.0pt
* \headsep=25.0pt
* \topskip=11.0pt
* \footskip=30.0pt
* \marginparwidth=59.0pt
* \marginparsep=10.0pt
* \columnsep=10.0pt
* \skip\footins=10.0pt plus 4.0pt minus 2.0pt
* \hoffset=0.0pt
* \voffset=0.0pt
* \mag=1000
* \@twocolumnfalse
* \@twosidefalse
* \@mparswitchfalse
* \@reversemarginfalse
* (1in=72.27pt=25.4mm, 1cm=28.453pt)


(/glade/u/apps/casper/24.12/spack/opt/spack/texlive/20240312/gcc/12.4.0/nm7e/te
xmf-dist/tex/context/base/mkii/supp-pdf.mkii
[Loading MPS to PDF converter (version 2006.09.02).]
\scratchcounter=\count303
\scratchdimen=\dimen182
\scratchbox=\box55
\nofMPsegments=\count304
\nofMParguments=\count305
\everyMPshowfont=\toks25
\MPscratchCnt=\count306
\MPscratchDim=\dimen183
\MPnumerator=\count307
\makeMPintoPDFobject=\count308
\everyMPtoPDFconversion=\toks26
)
(/glade/u/apps/casper/24.12/spack/opt/spack/texlive/20240312/gcc/12.4.0/nm7e/te
xmf-dist/tex/latex/epstopdf-pkg/epstopdf-base.sty
Package: epstopdf-base 2020-01-24 v2.11 Base part for package epstopdf
Package epstopdf-base Info: Redefining graphics rule for `.eps' on input line 4
85.

(/glade/u/apps/casper/24.12/spack/opt/spack/texlive/20240312/gcc/12.4.0/nm7e/te
xmf-dist/tex/latex/latexconfig/epstopdf-sys.cfg
File: epstopdf-sys.cfg 2010/07/13 v1.3 Configuration of (r)epstopdf for TeX Liv
e
))
Package hyperref Info: Link coloring OFF on input line 69.
 (./main_james.out)
(./main_james.out)
\@outlinefile=\write3
\openout3 = `main_james.out'.

LaTeX Font Info:    Trying to load font information for U+msa on input line 71.


(/glade/u/apps/casper/24.12/spack/opt/spack/texlive/20240312/gcc/12.4.0/nm7e/te
xmf-dist/tex/latex/amsfonts/umsa.fd
File: umsa.fd 2013/01/14 v3.01 AMS symbols A
)
LaTeX Font Info:    Trying to load font information for U+msb on input line 71.


(/glade/u/apps/casper/24.12/spack/opt/spack/texlive/20240312/gcc/12.4.0/nm7e/te
xmf-dist/tex/latex/amsfonts/umsb.fd
File: umsb.fd 2013/01/14 v3.01 AMS symbols B
) [1

{/glade/u/apps/casper/24.12/spack/opt/spack/texlive/20240312/gcc/12.4.0/nm7e/te
xmf-dist/fonts/map/pdftex/updmap/pdftex.map}] [2] [3] [4] [5] [6{/glade/u/apps/
casper/24.12/spack/opt/spack/texlive/20240312/gcc/12.4.0/nm7e/texmf-dist/fonts/
enc/dvips/cm-super/cm-super-ts1.enc}]
<ffs_schematic.pdf, id=209, 722.7pt x 406.51875pt>
File: ffs_schematic.pdf Graphic file (type pdf)
<use ffs_schematic.pdf>
Package pdftex.def Info: ffs_schematic.pdf  used on input line 394.
(pdftex.def)             Requested size: 469.75502pt x 264.24025pt.

[7] [8 <./ffs_schematic.pdf>]
<rates_plot.png, id=279, 713.064pt x 351.714pt>
File: rates_plot.png Graphic file (type png)
<use rates_plot.png>
Package pdftex.def Info: rates_plot.png  used on input line 490.
(pdftex.def)             Requested size: 469.75502pt x 231.71335pt.
<ffs_interface_probs.png, id=281, 1074.8958pt x 586.3506pt>
File: ffs_interface_probs.png Graphic file (type png)
<use ffs_interface_probs.png>
Package pdftex.def Info: ffs_interface_probs.png  used on input line 506.
(pdftex.def)             Requested size: 469.75502pt x 256.2504pt.
<ffs_vs_direct_scatter.png, id=282, 418.2024pt x 384.9582pt>
File: ffs_vs_direct_scatter.png Graphic file (type png)
<use ffs_vs_direct_scatter.png>
Package pdftex.def Info: ffs_vs_direct_scatter.png  used on input line 520.
(pdftex.def)             Requested size: 469.75502pt x 432.4249pt.
<conditional_prob_distributions.png, id=283, 641.2758pt x 457.71pt>
File: conditional_prob_distributions.png Graphic file (type png)
<use conditional_prob_distributions.png>
Package pdftex.def Info: conditional_prob_distributions.png  used on input line
 535.
(pdftex.def)             Requested size: 469.75502pt x 335.29886pt.
 [9] [10 <./rates_plot.png>] [11 <./ffs_interface_probs.png>] [12 <./ffs_vs_dir
ect_scatter.png>] [13 <./conditional_prob_distributions.png>]
<stateb_geography.png, id=318, 1004.553pt x 439.6425pt>
File: stateb_geography.png Graphic file (type png)
<use stateb_geography.png>
Package pdftex.def Info: stateb_geography.png  used on input line 612.
(pdftex.def)             Requested size: 469.75502pt x 205.58548pt.
<reactive_trajectories_2022-09-02T00Z.png, id=319, 1500.3252pt x 522.2712pt>
File: reactive_trajectories_2022-09-02T00Z.png Graphic file (type png)
<use reactive_trajectories_2022-09-02T00Z.png>
Package pdftex.def Info: reactive_trajectories_2022-09-02T00Z.png  used on inpu
t line 627.
(pdftex.def)             Requested size: 469.75502pt x 163.52014pt.
 [14] [15 <./stateb_geography.png> <./reactive_trajectories_2022-09-02T00Z.png>
]
<ffs_trees_combined.png, id=333, 540.5796pt x 403.7484pt>
File: ffs_trees_combined.png Graphic file (type png)
<use ffs_trees_combined.png>
Package pdftex.def Info: ffs_trees_combined.png  used on input line 667.
(pdftex.def)             Requested size: 469.75502pt x 350.85782pt.
<commitment_curve.png, id=336, 569.9694pt x 423.984pt>
File: commitment_curve.png Graphic file (type png)
<use commitment_curve.png>
Package pdftex.def Info: commitment_curve.png  used on input line 706.
(pdftex.def)             Requested size: 399.29463pt x 297.03906pt.
 [16] [17 <./ffs_trees_combined.png>] [18 <./commitment_curve.png>]
<trajectory_2022-09-02T00Z_pathway26.png, id=355, 990.5808pt x 782.925pt>
File: trajectory_2022-09-02T00Z_pathway26.png Graphic file (type png)
<use trajectory_2022-09-02T00Z_pathway26.png>
Package pdftex.def Info: trajectory_2022-09-02T00Z_pathway26.png  used on input
 line 735.
(pdftex.def)             Requested size: 469.75502pt x 371.28397pt.

Overfull \hbox (3.1638pt too wide) in paragraph at lines 753--759
\OT1/cmr/m/n/10.95 Figures []11[]--[]13[] show storm-centred com-pos-ites of vo
r-tic-ity, rel-a-tive hu-mid-ity, and warm-core anomaly,
 []

<2022-09-02T00Z_composites.png, id=359, 1088.3862pt x 701.9826pt>
File: 2022-09-02T00Z_composites.png Graphic file (type png)
<use 2022-09-02T00Z_composites.png>
Package pdftex.def Info: 2022-09-02T00Z_composites.png  used on input line 774.

(pdftex.def)             Requested size: 469.75502pt x 302.98204pt.
<2022-09-09T12Z_composites.png, id=360, 1088.3862pt x 701.9826pt>
File: 2022-09-09T12Z_composites.png Graphic file (type png)
<use 2022-09-09T12Z_composites.png>
Package pdftex.def Info: 2022-09-09T12Z_composites.png  used on input line 787.

(pdftex.def)             Requested size: 469.75502pt x 302.98204pt.
<2022-09-22T00Z_composites.png, id=363, 1088.3862pt x 701.9826pt>
File: 2022-09-22T00Z_composites.png Graphic file (type png)
<use 2022-09-22T00Z_composites.png>
Package pdftex.def Info: 2022-09-22T00Z_composites.png  used on input line 796.

(pdftex.def)             Requested size: 469.75502pt x 302.98204pt.
[19] [20 <./trajectory_2022-09-02T00Z_pathway26.png>] [21 <./2022-09-02T00Z_com
posites.png>] [22 <./2022-09-09T12Z_composites.png>] [23 <./2022-09-22T00Z_comp
osites.png>] [24]

Package hyperref Warning: Token not allowed in a PDF string (Unicode):
(hyperref)                removing `math shift' on input line 904.


Package hyperref Warning: Token not allowed in a PDF string (Unicode):
(hyperref)                removing `math shift' on input line 904.

[25] (./main_james.bbl [26] [27]) [28] (./main_james.aux)
 ***********
LaTeX2e <2023-11-01> patch level 1
L3 programming layer <2024-02-20>
 ***********
Package rerunfilecheck Info: File `main_james.out' has not changed.
(rerunfilecheck)             Checksum: FAF0F9F6C76F759E0F36E26FB91F8F13;3564.
 ) 
Here is how much of TeX's memory you used:
 11536 strings out of 474116
 184257 string characters out of 5674265
 1944187 words of memory out of 5000000
 33661 multiletter control sequences out of 15000+600000
 571167 words of font info for 86 fonts, out of 8000000 for 9000
 1141 hyphenation exceptions out of 8191
 75i,14n,79p,1088b,598s stack positions out of 10000i,1000n,20000p,200000b,200000s
</glade/u/apps/casper/24.12/spack/opt/spack/texlive/20240312/gcc/12.4.0/nm7e/
texmf-dist/fonts/type1/public/amsfonts/cm/cmbx10.pfb></glade/u/apps/casper/24.1
2/spack/opt/spack/texlive/20240312/gcc/12.4.0/nm7e/texmf-dist/fonts/type1/publi
c/amsfonts/cm/cmbx12.pfb></glade/u/apps/casper/24.12/spack/opt/spack/texlive/20
240312/gcc/12.4.0/nm7e/texmf-dist/fonts/type1/public/amsfonts/cm/cmex10.pfb></g
lade/u/apps/casper/24.12/spack/opt/spack/texlive/20240312/gcc/12.4.0/nm7e/texmf
-dist/fonts/type1/public/amsfonts/cm/cmmi10.pfb></glade/u/apps/casper/24.12/spa
ck/opt/spack/texlive/20240312/gcc/12.4.0/nm7e/texmf-dist/fonts/type1/public/ams
fonts/cm/cmmi12.pfb></glade/u/apps/casper/24.12/spack/opt/spack/texlive/2024031
2/gcc/12.4.0/nm7e/texmf-dist/fonts/type1/public/amsfonts/cm/cmmi6.pfb></glade/u
/apps/casper/24.12/spack/opt/spack/texlive/20240312/gcc/12.4.0/nm7e/texmf-dist/
fonts/type1/public/amsfonts/cm/cmmi8.pfb></glade/u/apps/casper/24.12/spack/opt/
spack/texlive/20240312/gcc/12.4.0/nm7e/texmf-dist/fonts/type1/public/amsfonts/c
m/cmr10.pfb></glade/u/apps/casper/24.12/spack/opt/spack/texlive/20240312/gcc/12
.4.0/nm7e/texmf-dist/fonts/type1/public/amsfonts/cm/cmr12.pfb></glade/u/apps/ca
sper/24.12/spack/opt/spack/texlive/20240312/gcc/12.4.0/nm7e/texmf-dist/fonts/ty
pe1/public/amsfonts/cm/cmr17.pfb></glade/u/apps/casper/24.12/spack/opt/spack/te
xlive/20240312/gcc/12.4.0/nm7e/texmf-dist/fonts/type1/public/amsfonts/cm/cmr7.p
fb></glade/u/apps/casper/24.12/spack/opt/spack/texlive/20240312/gcc/12.4.0/nm7e
/texmf-dist/fonts/type1/public/amsfonts/cm/cmr8.pfb></glade/u/apps/casper/24.12
/spack/opt/spack/texlive/20240312/gcc/12.4.0/nm7e/texmf-dist/fonts/type1/public
/amsfonts/cm/cmsy10.pfb></glade/u/apps/casper/24.12/spack/opt/spack/texlive/202
40312/gcc/12.4.0/nm7e/texmf-dist/fonts/type1/public/amsfonts/cm/cmsy7.pfb></gla
de/u/apps/casper/24.12/spack/opt/spack/texlive/20240312/gcc/12.4.0/nm7e/texmf-d
ist/fonts/type1/public/amsfonts/cm/cmsy8.pfb></glade/u/apps/casper/24.12/spack/
opt/spack/texlive/20240312/gcc/12.4.0/nm7e/texmf-dist/fonts/type1/public/amsfon
ts/cm/cmti10.pfb></glade/u/apps/casper/24.12/spack/opt/spack/texlive/20240312/g
cc/12.4.0/nm7e/texmf-dist/fonts/type1/public/amsfonts/cm/cmtt10.pfb></glade/u/a
pps/casper/24.12/spack/opt/spack/texlive/20240312/gcc/12.4.0/nm7e/texmf-dist/fo
nts/type1/public/amsfonts/symbols/msam10.pfb></glade/u/apps/casper/24.12/spack/
opt/spack/texlive/20240312/gcc/12.4.0/nm7e/texmf-dist/fonts/type1/public/cm-sup
er/sfrm1095.pfb>
Output written on main_james.pdf (28 pages, 3839718 bytes).
PDF statistics:
 542 PDF objects out of 1000 (max. 8388607)
 417 compressed objects within 5 object streams
 89 named destinations out of 1000 (max. 500000)
 202 words of extra memory for PDF output out of 10000 (max. 10000000)

