This is pdfTeX, Version 3.141592653-2.6-1.40.26 (TeX Live 2024 - Spack) (preloaded format=pdflatex 2024.12.17)  1 APR 2026 13:48
entering extended mode
 restricted \write18 enabled.
 %&-line parsing enabled.
**main.tex
(./main.tex
LaTeX2e <2023-11-01> patch level 1
L3 programming layer <2024-02-20>

(/glade/u/apps/casper/24.12/spack/opt/spack/texlive/20240312/gcc/12.4.0/nm7e/te
xmf-dist/tex/latex/base/article.cls
Document Class: article 2023/05/17 v1.4n Standard LaTeX document class

(/glade/u/apps/casper/24.12/spack/opt/spack/texlive/20240312/gcc/12.4.0/nm7e/te
xmf-dist/tex/latex/base/size11.clo
File: size11.clo 2023/05/17 v1.4n Standard LaTeX file (size option)
)
\c@part=\count188
\c@section=\count189
\c@subsection=\count190
\c@subsubsection=\count191
\c@paragraph=\count192
\c@subparagraph=\count193
\c@figure=\count194
\c@table=\count195
\abovecaptionskip=\skip48
\belowcaptionskip=\skip49
\bibindent=\dimen140
)
(/glade/u/apps/casper/24.12/spack/opt/spack/texlive/20240312/gcc/12.4.0/nm7e/te
xmf-dist/tex/latex/base/inputenc.sty
Package: inputenc 2021/02/14 v1.3d Input encoding file
\inpenc@prehook=\toks17
\inpenc@posthook=\toks18
)
(/glade/u/apps/casper/24.12/spack/opt/spack/texlive/20240312/gcc/12.4.0/nm7e/te
xmf-dist/tex/latex/geometry/geometry.sty
Package: geometry 2020/01/02 v5.9 Page Geometry

(/glade/u/apps/casper/24.12/spack/opt/spack/texlive/20240312/gcc/12.4.0/nm7e/te
xmf-dist/tex/latex/graphics/keyval.sty
Package: keyval 2022/05/29 v1.15 key=value parser (DPC)
\KV@toks@=\toks19
)
(/glade/u/apps/casper/24.12/spack/opt/spack/texlive/20240312/gcc/12.4.0/nm7e/te
xmf-dist/tex/generic/iftex/ifvtex.sty
Package: ifvtex 2019/10/25 v1.7 ifvtex legacy package. Use iftex instead.

(/glade/u/apps/casper/24.12/spack/opt/spack/texlive/20240312/gcc/12.4.0/nm7e/te
xmf-dist/tex/generic/iftex/iftex.sty
Package: iftex 2022/02/03 v1.0f TeX engine tests
))
\Gm@cnth=\count196
\Gm@cntv=\count197
\c@Gm@tempcnt=\count198
\Gm@bindingoffset=\dimen141
\Gm@wd@mp=\dimen142
\Gm@odd@mp=\dimen143
\Gm@even@mp=\dimen144
\Gm@layoutwidth=\dimen145
\Gm@layoutheight=\dimen146
\Gm@layouthoffset=\dimen147
\Gm@layoutvoffset=\dimen148
\Gm@dimlist=\toks20
)
(/glade/u/apps/casper/24.12/spack/opt/spack/texlive/20240312/gcc/12.4.0/nm7e/te
xmf-dist/tex/latex/amsmath/amsmath.sty
Package: amsmath 2023/05/13 v2.17o AMS math features
\@mathmargin=\skip50

For additional information on amsmath, use the `?' option.

(/glade/u/apps/casper/24.12/spack/opt/spack/texlive/20240312/gcc/12.4.0/nm7e/te
xmf-dist/tex/latex/amsmath/amstext.sty
Package: amstext 2021/08/26 v2.01 AMS text

(/glade/u/apps/casper/24.12/spack/opt/spack/texlive/20240312/gcc/12.4.0/nm7e/te
xmf-dist/tex/latex/amsmath/amsgen.sty
File: amsgen.sty 1999/11/30 v2.0 generic functions
\@emptytoks=\toks21
\ex@=\dimen149
))
(/glade/u/apps/casper/24.12/spack/opt/spack/texlive/20240312/gcc/12.4.0/nm7e/te
xmf-dist/tex/latex/amsmath/amsbsy.sty
Package: amsbsy 1999/11/29 v1.2d Bold Symbols
\pmbraise@=\dimen150
)
(/glade/u/apps/casper/24.12/spack/opt/spack/texlive/20240312/gcc/12.4.0/nm7e/te
xmf-dist/tex/latex/amsmath/amsopn.sty
Package: amsopn 2022/04/08 v2.04 operator names
)
\inf@bad=\count199
LaTeX Info: Redefining \frac on input line 234.
\uproot@=\count266
\leftroot@=\count267
LaTeX Info: Redefining \overline on input line 399.
LaTeX Info: Redefining \colon on input line 410.
\classnum@=\count268
\DOTSCASE@=\count269
LaTeX Info: Redefining \ldots on input line 496.
LaTeX Info: Redefining \dots on input line 499.
LaTeX Info: Redefining \cdots on input line 620.
\Mathstrutbox@=\box51
\strutbox@=\box52
LaTeX Info: Redefining \big on input line 722.
LaTeX Info: Redefining \Big on input line 723.
LaTeX Info: Redefining \bigg on input line 724.
LaTeX Info: Redefining \Bigg on input line 725.
\big@size=\dimen151
LaTeX Font Info:    Redeclaring font encoding OML on input line 743.
LaTeX Font Info:    Redeclaring font encoding OMS on input line 744.
\macc@depth=\count270
LaTeX Info: Redefining \bmod on input line 905.
LaTeX Info: Redefining \pmod on input line 910.
LaTeX Info: Redefining \smash on input line 940.
LaTeX Info: Redefining \relbar on input line 970.
LaTeX Info: Redefining \Relbar on input line 971.
\c@MaxMatrixCols=\count271
\dotsspace@=\muskip16
\c@parentequation=\count272
\dspbrk@lvl=\count273
\tag@help=\toks22
\row@=\count274
\column@=\count275
\maxfields@=\count276
\andhelp@=\toks23
\eqnshift@=\dimen152
\alignsep@=\dimen153
\tagshift@=\dimen154
\tagwidth@=\dimen155
\totwidth@=\dimen156
\lineht@=\dimen157
\@envbody=\toks24
\multlinegap=\skip51
\multlinetaggap=\skip52
\mathdisplay@stack=\toks25
LaTeX Info: Redefining \[ on input line 2953.
LaTeX Info: Redefining \] on input line 2954.
)
(/glade/u/apps/casper/24.12/spack/opt/spack/texlive/20240312/gcc/12.4.0/nm7e/te
xmf-dist/tex/latex/amsfonts/amssymb.sty
Package: amssymb 2013/01/14 v3.01 AMS font symbols

(/glade/u/apps/casper/24.12/spack/opt/spack/texlive/20240312/gcc/12.4.0/nm7e/te
xmf-dist/tex/latex/amsfonts/amsfonts.sty
Package: amsfonts 2013/01/14 v3.01 Basic AMSFonts support
\symAMSa=\mathgroup4
\symAMSb=\mathgroup5
LaTeX Font Info:    Redeclaring math symbol \hbar on input line 98.
LaTeX Font Info:    Overwriting math alphabet `\mathfrak' in version `bold'
(Font)                  U/euf/m/n --> U/euf/b/n on input line 106.
))
(/glade/u/apps/casper/24.12/spack/opt/spack/texlive/20240312/gcc/12.4.0/nm7e/te
xmf-dist/tex/latex/graphics/graphicx.sty
Package: graphicx 2021/09/16 v1.2d Enhanced LaTeX Graphics (DPC,SPQR)

(/glade/u/apps/casper/24.12/spack/opt/spack/texlive/20240312/gcc/12.4.0/nm7e/te
xmf-dist/tex/latex/graphics/graphics.sty
Package: graphics 2022/03/10 v1.4e Standard LaTeX Graphics (DPC,SPQR)

(/glade/u/apps/casper/24.12/spack/opt/spack/texlive/20240312/gcc/12.4.0/nm7e/te
xmf-dist/tex/latex/graphics/trig.sty
Package: trig 2021/08/11 v1.11 sin cos tan (DPC)
)
(/glade/u/apps/casper/24.12/spack/opt/spack/texlive/20240312/gcc/12.4.0/nm7e/te
xmf-dist/tex/latex/graphics-cfg/graphics.cfg
File: graphics.cfg 2016/06/04 v1.11 sample graphics configuration
)
Package graphics Info: Driver file: pdftex.def on input line 107.

(/glade/u/apps/casper/24.12/spack/opt/spack/texlive/20240312/gcc/12.4.0/nm7e/te
xmf-dist/tex/latex/graphics-def/pdftex.def
File: pdftex.def 2022/09/22 v1.2b Graphics/color driver for pdftex
))
\Gin@req@height=\dimen158
\Gin@req@width=\dimen159
)
(/glade/u/apps/casper/24.12/spack/opt/spack/texlive/20240312/gcc/12.4.0/nm7e/te
xmf-dist/tex/latex/natbib/natbib.sty
Package: natbib 2010/09/13 8.31b (PWD, AO)
\bibhang=\skip53
\bibsep=\skip54
LaTeX Info: Redefining \cite on input line 694.
\c@NAT@ctr=\count277
)
(/glade/u/apps/casper/24.12/spack/opt/spack/texlive/20240312/gcc/12.4.0/nm7e/te
xmf-dist/tex/latex/hyperref/hyperref.sty
Package: hyperref 2024-01-20 v7.01h Hypertext links for LaTeX

(/glade/u/apps/casper/24.12/spack/opt/spack/texlive/20240312/gcc/12.4.0/nm7e/te
xmf-dist/tex/latex/kvsetkeys/kvsetkeys.sty
Package: kvsetkeys 2022-10-05 v1.19 Key value parser (HO)
)
(/glade/u/apps/casper/24.12/spack/opt/spack/texlive/20240312/gcc/12.4.0/nm7e/te
xmf-dist/tex/generic/kvdefinekeys/kvdefinekeys.sty
Package: kvdefinekeys 2019-12-19 v1.6 Define keys (HO)
)
(/glade/u/apps/casper/24.12/spack/opt/spack/texlive/20240312/gcc/12.4.0/nm7e/te
xmf-dist/tex/generic/pdfescape/pdfescape.sty
Package: pdfescape 2019/12/09 v1.15 Implements pdfTeX's escape features (HO)

(/glade/u/apps/casper/24.12/spack/opt/spack/texlive/20240312/gcc/12.4.0/nm7e/te
xmf-dist/tex/generic/ltxcmds/ltxcmds.sty
Package: ltxcmds 2023-12-04 v1.26 LaTeX kernel commands for general use (HO)
)
(/glade/u/apps/casper/24.12/spack/opt/spack/texlive/20240312/gcc/12.4.0/nm7e/te
xmf-dist/tex/generic/pdftexcmds/pdftexcmds.sty
Package: pdftexcmds 2020-06-27 v0.33 Utility functions of pdfTeX for LuaTeX (HO
)

(/glade/u/apps/casper/24.12/spack/opt/spack/texlive/20240312/gcc/12.4.0/nm7e/te
xmf-dist/tex/generic/infwarerr/infwarerr.sty
Package: infwarerr 2019/12/03 v1.5 Providing info/warning/error messages (HO)
)
Package pdftexcmds Info: \pdf@primitive is available.
Package pdftexcmds Info: \pdf@ifprimitive is available.
Package pdftexcmds Info: \pdfdraftmode found.
))
(/glade/u/apps/casper/24.12/spack/opt/spack/texlive/20240312/gcc/12.4.0/nm7e/te
xmf-dist/tex/latex/hycolor/hycolor.sty
Package: hycolor 2020-01-27 v1.10 Color options for hyperref/bookmark (HO)
)
(/glade/u/apps/casper/24.12/spack/opt/spack/texlive/20240312/gcc/12.4.0/nm7e/te
xmf-dist/tex/latex/auxhook/auxhook.sty
Package: auxhook 2019-12-17 v1.6 Hooks for auxiliary files (HO)
)
(/glade/u/apps/casper/24.12/spack/opt/spack/texlive/20240312/gcc/12.4.0/nm7e/te
xmf-dist/tex/latex/hyperref/nameref.sty
Package: nameref 2023-11-26 v2.56 Cross-referencing by name of section

(/glade/u/apps/casper/24.12/spack/opt/spack/texlive/20240312/gcc/12.4.0/nm7e/te
xmf-dist/tex/latex/refcount/refcount.sty
Package: refcount 2019/12/15 v3.6 Data extraction from label references (HO)
)
(/glade/u/apps/casper/24.12/spack/opt/spack/texlive/20240312/gcc/12.4.0/nm7e/te
xmf-dist/tex/generic/gettitlestring/gettitlestring.sty
Package: gettitlestring 2019/12/15 v1.6 Cleanup title references (HO)

(/glade/u/apps/casper/24.12/spack/opt/spack/texlive/20240312/gcc/12.4.0/nm7e/te
xmf-dist/tex/latex/kvoptions/kvoptions.sty
Package: kvoptions 2022-06-15 v3.15 Key value format for package options (HO)
))
\c@section@level=\count278
)
(/glade/u/apps/casper/24.12/spack/opt/spack/texlive/20240312/gcc/12.4.0/nm7e/te
xmf-dist/tex/latex/etoolbox/etoolbox.sty
Package: etoolbox 2020/10/05 v2.5k e-TeX tools for LaTeX (JAW)
\etb@tempcnta=\count279
)
\@linkdim=\dimen160
\Hy@linkcounter=\count280
\Hy@pagecounter=\count281

(/glade/u/apps/casper/24.12/spack/opt/spack/texlive/20240312/gcc/12.4.0/nm7e/te
xmf-dist/tex/latex/hyperref/pd1enc.def
File: pd1enc.def 2024-01-20 v7.01h Hyperref: PDFDocEncoding definition (HO)
Now handling font encoding PD1 ...
... no UTF-8 mapping file for font encoding PD1
)
(/glade/u/apps/casper/24.12/spack/opt/spack/texlive/20240312/gcc/12.4.0/nm7e/te
xmf-dist/tex/generic/intcalc/intcalc.sty
Package: intcalc 2019/12/15 v1.3 Expandable calculations with integers (HO)
)
\Hy@SavedSpaceFactor=\count282

(/glade/u/apps/casper/24.12/spack/opt/spack/texlive/20240312/gcc/12.4.0/nm7e/te
xmf-dist/tex/latex/hyperref/puenc.def
File: puenc.def 2024-01-20 v7.01h Hyperref: PDF Unicode definition (HO)
Now handling font encoding PU ...
... no UTF-8 mapping file for font encoding PU
)
Package hyperref Info: Hyper figures OFF on input line 4179.
Package hyperref Info: Link nesting OFF on input line 4184.
Package hyperref Info: Hyper index ON on input line 4187.
Package hyperref Info: Plain pages OFF on input line 4194.
Package hyperref Info: Backreferencing OFF on input line 4199.
Package hyperref Info: Implicit mode ON; LaTeX internals redefined.
Package hyperref Info: Bookmarks ON on input line 4446.
\c@Hy@tempcnt=\count283

(/glade/u/apps/casper/24.12/spack/opt/spack/texlive/20240312/gcc/12.4.0/nm7e/te
xmf-dist/tex/latex/url/url.sty
\Urlmuskip=\muskip17
Package: url 2013/09/16  ver 3.4  Verb mode for urls, etc.
)
LaTeX Info: Redefining \url on input line 4784.
\XeTeXLinkMargin=\dimen161

(/glade/u/apps/casper/24.12/spack/opt/spack/texlive/20240312/gcc/12.4.0/nm7e/te
xmf-dist/tex/generic/bitset/bitset.sty
Package: bitset 2019/12/09 v1.3 Handle bit-vector datatype (HO)

(/glade/u/apps/casper/24.12/spack/opt/spack/texlive/20240312/gcc/12.4.0/nm7e/te
xmf-dist/tex/generic/bigintcalc/bigintcalc.sty
Package: bigintcalc 2019/12/15 v1.5 Expandable calculations on big integers (HO
)
))
\Fld@menulength=\count284
\Field@Width=\dimen162
\Fld@charsize=\dimen163
Package hyperref Info: Hyper figures OFF on input line 6063.
Package hyperref Info: Link nesting OFF on input line 6068.
Package hyperref Info: Hyper index ON on input line 6071.
Package hyperref Info: backreferencing OFF on input line 6078.
Package hyperref Info: Link coloring OFF on input line 6083.
Package hyperref Info: Link coloring with OCG OFF on input line 6088.
Package hyperref Info: PDF/A mode OFF on input line 6093.

(/glade/u/apps/casper/24.12/spack/opt/spack/texlive/20240312/gcc/12.4.0/nm7e/te
xmf-dist/tex/latex/base/atbegshi-ltx.sty
Package: atbegshi-ltx 2021/01/10 v1.0c Emulation of the original atbegshi
package with kernel methods
)
\Hy@abspage=\count285
\c@Item=\count286
\c@Hfootnote=\count287
)
Package hyperref Info: Driver (autodetected): hpdftex.

(/glade/u/apps/casper/24.12/spack/opt/spack/texlive/20240312/gcc/12.4.0/nm7e/te
xmf-dist/tex/latex/hyperref/hpdftex.def
File: hpdftex.def 2024-01-20 v7.01h Hyperref driver for pdfTeX

(/glade/u/apps/casper/24.12/spack/opt/spack/texlive/20240312/gcc/12.4.0/nm7e/te
xmf-dist/tex/latex/base/atveryend-ltx.sty
Package: atveryend-ltx 2020/08/19 v1.0a Emulation of the original atveryend pac
kage
with kernel methods
)
\Fld@listcount=\count288
\c@bookmark@seq@number=\count289

(/glade/u/apps/casper/24.12/spack/opt/spack/texlive/20240312/gcc/12.4.0/nm7e/te
xmf-dist/tex/latex/rerunfilecheck/rerunfilecheck.sty
Package: rerunfilecheck 2022-07-10 v1.10 Rerun checks for auxiliary files (HO)

(/glade/u/apps/casper/24.12/spack/opt/spack/texlive/20240312/gcc/12.4.0/nm7e/te
xmf-dist/tex/generic/uniquecounter/uniquecounter.sty
Package: uniquecounter 2019/12/15 v1.4 Provide unlimited unique counter (HO)
)
Package uniquecounter Info: New unique counter `rerunfilecheck' on input line 2
85.
)
\Hy@SectionHShift=\skip55
)
(/glade/u/apps/casper/24.12/spack/opt/spack/texlive/20240312/gcc/12.4.0/nm7e/te
xmf-dist/tex/latex/booktabs/booktabs.sty
Package: booktabs 2020/01/12 v1.61803398 Publication quality tables
\heavyrulewidth=\dimen164
\lightrulewidth=\dimen165
\cmidrulewidth=\dimen166
\belowrulesep=\dimen167
\belowbottomsep=\dimen168
\aboverulesep=\dimen169
\abovetopsep=\dimen170
\cmidrulesep=\dimen171
\cmidrulekern=\dimen172
\defaultaddspace=\dimen173
\@cmidla=\count290
\@cmidlb=\count291
\@aboverulesep=\dimen174
\@belowrulesep=\dimen175
\@thisruleclass=\count292
\@lastruleclass=\count293
\@thisrulewidth=\dimen176
)
(/glade/u/apps/casper/24.12/spack/opt/spack/texlive/20240312/gcc/12.4.0/nm7e/te
xmf-dist/tex/latex/xcolor/xcolor.sty
Package: xcolor 2023/11/15 v3.01 LaTeX color extensions (UK)

(/glade/u/apps/casper/24.12/spack/opt/spack/texlive/20240312/gcc/12.4.0/nm7e/te
xmf-dist/tex/latex/graphics-cfg/color.cfg
File: color.cfg 2016/01/02 v1.6 sample color configuration
)
Package xcolor Info: Driver file: pdftex.def on input line 274.

(/glade/u/apps/casper/24.12/spack/opt/spack/texlive/20240312/gcc/12.4.0/nm7e/te
xmf-dist/tex/latex/graphics/mathcolor.ltx)
Package xcolor Info: Model `cmy' substituted by `cmy0' on input line 1350.
Package xcolor Info: Model `hsb' substituted by `rgb' on input line 1354.
Package xcolor Info: Model `RGB' extended on input line 1366.
Package xcolor Info: Model `HTML' substituted by `rgb' on input line 1368.
Package xcolor Info: Model `Hsb' substituted by `hsb' on input line 1369.
Package xcolor Info: Model `tHsb' substituted by `hsb' on input line 1370.
Package xcolor Info: Model `HSB' substituted by `hsb' on input line 1371.
Package xcolor Info: Model `Gray' substituted by `gray' on input line 1372.
Package xcolor Info: Model `wave' substituted by `hsb' on input line 1373.
)
(/glade/u/apps/casper/24.12/spack/opt/spack/texlive/20240312/gcc/12.4.0/nm7e/te
xmf-dist/tex/latex/setspace/setspace.sty
Package: setspace 2022/12/04 v6.7b set line spacing
)
(/glade/u/apps/casper/24.12/spack/opt/spack/texlive/20240312/gcc/12.4.0/nm7e/te
xmf-dist/tex/latex/l3backend/l3backend-pdftex.def
File: l3backend-pdftex.def 2024-02-20 L3 backend support: PDF output (pdfTeX)
\l__color_backend_stack_int=\count294
\l__pdf_internal_box=\box53
) (./main.aux)
\openout1 = `main.aux'.

LaTeX Font Info:    Checking defaults for OML/cmm/m/it on input line 49.
LaTeX Font Info:    ... okay on input line 49.
LaTeX Font Info:    Checking defaults for OMS/cmsy/m/n on input line 49.
LaTeX Font Info:    ... okay on input line 49.
LaTeX Font Info:    Checking defaults for OT1/cmr/m/n on input line 49.
LaTeX Font Info:    ... okay on input line 49.
LaTeX Font Info:    Checking defaults for T1/cmr/m/n on input line 49.
LaTeX Font Info:    ... okay on input line 49.
LaTeX Font Info:    Checking defaults for TS1/cmr/m/n on input line 49.
LaTeX Font Info:    ... okay on input line 49.
LaTeX Font Info:    Checking defaults for OMX/cmex/m/n on input line 49.
LaTeX Font Info:    ... okay on input line 49.
LaTeX Font Info:    Checking defaults for U/cmr/m/n on input line 49.
LaTeX Font Info:    ... okay on input line 49.
LaTeX Font Info:    Checking defaults for PD1/pdf/m/n on input line 49.
LaTeX Font Info:    ... okay on input line 49.
LaTeX Font Info:    Checking defaults for PU/pdf/m/n on input line 49.
LaTeX Font Info:    ... okay on input line 49.

*geometry* driver: auto-detecting
*geometry* detected driver: pdftex
*geometry* verbose mode - [ preamble ] result:
* driver: pdftex
* paper: <default>
* layout: <same size as paper>
* layoutoffset:(h,v)=(0.0pt,0.0pt)
* modes: 
* h-part:(L,W,R)=(72.26999pt, 469.75502pt, 72.26999pt)
* v-part:(T,H,B)=(72.26999pt, 650.43001pt, 72.26999pt)
* \paperwidth=614.295pt
* \paperheight=794.96999pt
* \textwidth=469.75502pt
* \textheight=650.43001pt
* \oddsidemargin=0.0pt
* \evensidemargin=0.0pt
* \topmargin=-37.0pt
* \headheight=12.0pt
* \headsep=25.0pt
* \topskip=11.0pt
* \footskip=30.0pt
* \marginparwidth=59.0pt
* \marginparsep=10.0pt
* \columnsep=10.0pt
* \skip\footins=10.0pt plus 4.0pt minus 2.0pt
* \hoffset=0.0pt
* \voffset=0.0pt
* \mag=1000
* \@twocolumnfalse
* \@twosidefalse
* \@mparswitchfalse
* \@reversemarginfalse
* (1in=72.27pt=25.4mm, 1cm=28.453pt)


(/glade/u/apps/casper/24.12/spack/opt/spack/texlive/20240312/gcc/12.4.0/nm7e/te
xmf-dist/tex/context/base/mkii/supp-pdf.mkii
[Loading MPS to PDF converter (version 2006.09.02).]
\scratchcounter=\count295
\scratchdimen=\dimen177
\scratchbox=\box54
\nofMPsegments=\count296
\nofMParguments=\count297
\everyMPshowfont=\toks26
\MPscratchCnt=\count298
\MPscratchDim=\dimen178
\MPnumerator=\count299
\makeMPintoPDFobject=\count300
\everyMPtoPDFconversion=\toks27
)
(/glade/u/apps/casper/24.12/spack/opt/spack/texlive/20240312/gcc/12.4.0/nm7e/te
xmf-dist/tex/latex/epstopdf-pkg/epstopdf-base.sty
Package: epstopdf-base 2020-01-24 v2.11 Base part for package epstopdf
Package epstopdf-base Info: Redefining graphics rule for `.eps' on input line 4
85.

(/glade/u/apps/casper/24.12/spack/opt/spack/texlive/20240312/gcc/12.4.0/nm7e/te
xmf-dist/tex/latex/latexconfig/epstopdf-sys.cfg
File: epstopdf-sys.cfg 2010/07/13 v1.3 Configuration of (r)epstopdf for TeX Liv
e
))
Package hyperref Info: Link coloring OFF on input line 49.
 (./main.out) (./main.out)
\@outlinefile=\write3
\openout3 = `main.out'.

LaTeX Font Info:    Trying to load font information for U+msa on input line 52.


(/glade/u/apps/casper/24.12/spack/opt/spack/texlive/20240312/gcc/12.4.0/nm7e/te
xmf-dist/tex/latex/amsfonts/umsa.fd
File: umsa.fd 2013/01/14 v3.01 AMS symbols A
)
LaTeX Font Info:    Trying to load font information for U+msb on input line 52.


(/glade/u/apps/casper/24.12/spack/opt/spack/texlive/20240312/gcc/12.4.0/nm7e/te
xmf-dist/tex/latex/amsfonts/umsb.fd
File: umsb.fd 2013/01/14 v3.01 AMS symbols B
) [1

{/glade/u/apps/casper/24.12/spack/opt/spack/texlive/20240312/gcc/12.4.0/nm7e/te
xmf-dist/fonts/map/pdftex/updmap/pdftex.map}] [2] [3] [4]
Overfull \hbox (4.32774pt too wide) in paragraph at lines 120--120
[]\OT1/cmr/bx/n/14.4 Applicability of For-ward Flux Sam-pling to Neu-ral Weathe
r Mod-
 []

[5] [6]
Overfull \hbox (0.41623pt too wide) in paragraph at lines 140--141
\OT1/cmr/m/n/10.95 ERA5 re-anal-y-sis span-ning 1979-2021 at 6-hour tem-po-ral 
res-o-lu-tion. The model pre-dicts 69 pressure-
 []

[7{/glade/u/apps/casper/24.12/spack/opt/spack/texlive/20240312/gcc/12.4.0/nm7e/
texmf-dist/fonts/enc/dvips/cm-super/cm-super-ts1.enc}]
Overfull \hbox (2.48169pt too wide) in paragraph at lines 162--163
[]\OT1/cmr/m/n/10.95 This mech-a-nism dif-fers fun-da-men-tally from ther-mal f
luc-tu-a-tions in molec-u-lar sys-tems. Molecules
 []

[8] [9] [10] [11]
Overfull \hbox (5.97534pt too wide) in paragraph at lines 216--217
[]\OT1/cmr/bx/n/10.95 Neural em-u-la-tors in-herit at-trac-tor struc-ture from 
train-ing data\OT1/cmr/m/n/10.95 . The SDL-WXFormer
 []

[12]
<ffs_schematic.pdf, id=353, 722.7pt x 406.51875pt>
File: ffs_schematic.pdf Graphic file (type pdf)
<use ffs_schematic.pdf>
Package pdftex.def Info: ffs_schematic.pdf  used on input line 243.
(pdftex.def)             Requested size: 422.77664pt x 237.8094pt.
 [13] [14 <./ffs_schematic.pdf>] [15] [16]

LaTeX Warning: Command \textdegree invalid in math mode on input line 313.


LaTeX Warning: Command \textdegree invalid in math mode on input line 313.


LaTeX Warning: Command \textdegree invalid in math mode on input line 313.


LaTeX Warning: Command \textdegree invalid in math mode on input line 313.


LaTeX Warning: Command \textdegree invalid in math mode on input line 313.


LaTeX Warning: Command \textdegree invalid in math mode on input line 313.


LaTeX Warning: Command \textdegree invalid in math mode on input line 313.


LaTeX Warning: Command \textdegree invalid in math mode on input line 313.

Missing character: There is no ° in font cmr10!
Missing character: There is no ° in font cmr10!
Missing character: There is no ° in font cmr10!
Missing character: There is no ° in font cmr10!
[17] [18] [19] [20] [21] [22] [23]
</glade/derecho/scratch/schreck/FFS/results_mar18/plots/summary/rates_plot.png,
 id=496, 713.064pt x 351.714pt>
File: /glade/derecho/scratch/schreck/FFS/results_mar18/plots/summary/rates_plot
.png Graphic file (type png)
<use /glade/derecho/scratch/schreck/FFS/results_mar18/plots/summary/rates_plot.
png>
Package pdftex.def Info: /glade/derecho/scratch/schreck/FFS/results_mar18/plots
/summary/rates_plot.png  used on input line 491.
(pdftex.def)             Requested size: 469.75502pt x 231.71335pt.
</glade/derecho/scratch/schreck/FFS/results_mar18/plots/summary/ffs_interface_p
robs.png, id=498, 1074.8958pt x 586.3506pt>
File: /glade/derecho/scratch/schreck/FFS/results_mar18/plots/summary/ffs_interf
ace_probs.png Graphic file (type png)
<use /glade/derecho/scratch/schreck/FFS/results_mar18/plots/summary/ffs_interfa
ce_probs.png>
Package pdftex.def Info: /glade/derecho/scratch/schreck/FFS/results_mar18/plots
/summary/ffs_interface_probs.png  used on input line 502.
(pdftex.def)             Requested size: 469.75502pt x 256.2504pt.

Overfull \hbox (9.8868pt too wide) in paragraph at lines 532--533
[]\OT1/cmr/m/n/10.95 The three case stud-ies re-veal strik-ingly dif-fer-ent bo
t-tle-neck struc-tures. For the Earl IC, $\OML/cmm/m/it/10.95 P\OT1/cmr/m/n/10.
95 (\OML/cmm/m/it/10.95 ^^U[]\OMS/cmsy/m/n/10.95 j\OML/cmm/m/it/10.95 ^^U[]\OT1
/cmr/m/n/10.95 ) =
 []

[24] [25 </glade/derecho/scratch/schreck/FFS/results_mar18/plots/summary/rates_
plot.png>] [26 </glade/derecho/scratch/schreck/FFS/results_mar18/plots/summary/
ffs_interface_probs.png>]
</glade/derecho/scratch/schreck/FFS/results_mar18/plots/summary/commitment_curv
e.png, id=517, 569.9694pt x 423.984pt>
File: /glade/derecho/scratch/schreck/FFS/results_mar18/plots/summary/commitment
_curve.png Graphic file (type png)
<use /glade/derecho/scratch/schreck/FFS/results_mar18/plots/summary/commitment_
curve.png>
Package pdftex.def Info: /glade/derecho/scratch/schreck/FFS/results_mar18/plots
/summary/commitment_curve.png  used on input line 542.
(pdftex.def)             Requested size: 399.29463pt x 297.03906pt.
 [27 </glade/derecho/scratch/schreck/FFS/results_mar18/plots/summary/commitment
_curve.png>]
</glade/derecho/scratch/schreck/FFS/results_mar18/plots/reactive_trajectories/r
eactive_trajectories_2022-09-02T00Z.png, id=525, 1500.3252pt x 522.2712pt>
File: /glade/derecho/scratch/schreck/FFS/results_mar18/plots/reactive_trajector
ies/reactive_trajectories_2022-09-02T00Z.png Graphic file (type png)
<use /glade/derecho/scratch/schreck/FFS/results_mar18/plots/reactive_trajectori
es/reactive_trajectories_2022-09-02T00Z.png>
Package pdftex.def Info: /glade/derecho/scratch/schreck/FFS/results_mar18/plots
/reactive_trajectories/reactive_trajectories_2022-09-02T00Z.png  used on input 
line 559.
(pdftex.def)             Requested size: 469.75502pt x 163.52014pt.
 [28 </glade/derecho/scratch/schreck/FFS/results_mar18/plots/reactive_trajector
ies/reactive_trajectories_2022-09-02T00Z.png>]
</glade/derecho/scratch/schreck/FFS/results_mar18/plots/ffs_trees/ffs_tree_rank
01_2022-09-02T00Z_lambda0_config_0440_BN.png, id=533, 766.062pt x 467.8278pt>
File: /glade/derecho/scratch/schreck/FFS/results_mar18/plots/ffs_trees/ffs_tree
_rank01_2022-09-02T00Z_lambda0_config_0440_BN.png Graphic file (type png)
<use /glade/derecho/scratch/schreck/FFS/results_mar18/plots/ffs_trees/ffs_tree_
rank01_2022-09-02T00Z_lambda0_config_0440_BN.png>
Package pdftex.def Info: /glade/derecho/scratch/schreck/FFS/results_mar18/plots
/ffs_trees/ffs_tree_rank01_2022-09-02T00Z_lambda0_config_0440_BN.png  used on i
nput line 571.
(pdftex.def)             Requested size: 352.31625pt x 215.16057pt.

Overfull \hbox (18.78291pt too wide) in paragraph at lines 578--579
\OT1/cmr/m/n/10.95 ing struc-ture re-veals that com-mit-ted path-ways from this
 seed span a cor-ri-dor from the Ba-hamas/Greater
 []

</glade/derecho/scratch/schreck/FFS/results_mar18/plots/committor_maps/committo
r_map_2022-09-02T00Z.png, id=536, 1669.437pt x 861.9402pt>
File: /glade/derecho/scratch/schreck/FFS/results_mar18/plots/committor_maps/com
mittor_map_2022-09-02T00Z.png Graphic file (type png)
<use /glade/derecho/scratch/schreck/FFS/results_mar18/plots/committor_maps/comm
ittor_map_2022-09-02T00Z.png>
Package pdftex.def Info: /glade/derecho/scratch/schreck/FFS/results_mar18/plots
/committor_maps/committor_map_2022-09-02T00Z.png  used on input line 582.
(pdftex.def)             Requested size: 469.75502pt x 242.53845pt.
</glade/derecho/scratch/schreck/FFS/results_mar18/plots/trajectory_physics/traj
ectory_2022-09-02T00Z_pathway26.png, id=538, 995.3988pt x 770.88pt>
File: /glade/derecho/scratch/schreck/FFS/results_mar18/plots/trajectory_physics
/trajectory_2022-09-02T00Z_pathway26.png Graphic file (type png)
<use /glade/derecho/scratch/schreck/FFS/results_mar18/plots/trajectory_physics/
trajectory_2022-09-02T00Z_pathway26.png>
Package pdftex.def Info: /glade/derecho/scratch/schreck/FFS/results_mar18/plots
/trajectory_physics/trajectory_2022-09-02T00Z_pathway26.png  used on input line
 595.
(pdftex.def)             Requested size: 469.75502pt x 363.79575pt.
[29 </glade/derecho/scratch/schreck/FFS/results_mar18/plots/ffs_trees/ffs_tree_
rank01_2022-09-02T00Z_lambda0_config_0440_BN.png>] [30 </glade/derecho/scratch/
schreck/FFS/results_mar18/plots/committor_maps/committor_map_2022-09-02T00Z.png
>] [31 </glade/derecho/scratch/schreck/FFS/results_mar18/plots/trajectory_physi
cs/trajectory_2022-09-02T00Z_pathway26.png>] [32]
</glade/derecho/scratch/schreck/FFS/results_mar18/plots/committor_fields/commit
tor_fields_tvd_heatmap_top20.png, id=569, 535.2798pt x 793.0428pt>
File: /glade/derecho/scratch/schreck/FFS/results_mar18/plots/committor_fields/c
ommittor_fields_tvd_heatmap_top20.png Graphic file (type png)
<use /glade/derecho/scratch/schreck/FFS/results_mar18/plots/committor_fields/co
mmittor_fields_tvd_heatmap_top20.png>
Package pdftex.def Info: /glade/derecho/scratch/schreck/FFS/results_mar18/plots
/committor_fields/committor_fields_tvd_heatmap_top20.png  used on input line 65
6.
(pdftex.def)             Requested size: 399.29463pt x 591.59811pt.


LaTeX Warning: Float too large for page by 21.90562pt on input line 663.

[33]
</glade/derecho/scratch/schreck/FFS/results_mar18/plots/committor_fields/commit
tor_fields_tvd_heatmap_late_top20.png, id=580, 535.2798pt x 793.0428pt>
File: /glade/derecho/scratch/schreck/FFS/results_mar18/plots/committor_fields/c
ommittor_fields_tvd_heatmap_late_top20.png Graphic file (type png)
<use /glade/derecho/scratch/schreck/FFS/results_mar18/plots/committor_fields/co
mmittor_fields_tvd_heatmap_late_top20.png>
Package pdftex.def Info: /glade/derecho/scratch/schreck/FFS/results_mar18/plots
/committor_fields/committor_fields_tvd_heatmap_late_top20.png  used on input li
ne 671.
(pdftex.def)             Requested size: 399.29463pt x 591.59811pt.


LaTeX Warning: Float too large for page by 21.2973pt on input line 676.

</glade/derecho/scratch/schreck/FFS/results_mar18/plots/summary/bottleneck_inte
rface_heatmap.png, id=582, 1025.7522pt x 1444.9182pt>
File: /glade/derecho/scratch/schreck/FFS/results_mar18/plots/summary/bottleneck
_interface_heatmap.png Graphic file (type png)
<use /glade/derecho/scratch/schreck/FFS/results_mar18/plots/summary/bottleneck_
interface_heatmap.png>
Package pdftex.def Info: /glade/derecho/scratch/schreck/FFS/results_mar18/plots
/summary/bottleneck_interface_heatmap.png  used on input line 682.
(pdftex.def)             Requested size: 469.75502pt x 661.71606pt.

LaTeX Warning: Float too large for page by 116.4861pt on input line 689.

[34] [35 </glade/derecho/scratch/schreck/FFS/results_mar18/plots/committor_fiel
ds/committor_fields_tvd_heatmap_top20.png>] [36 </glade/derecho/scratch/schreck
/FFS/results_mar18/plots/committor_fields/committor_fields_tvd_heatmap_late_top
20.png>] [37 </glade/derecho/scratch/schreck/FFS/results_mar18/plots/summary/bo
ttleneck_interface_heatmap.png>] [38]

LaTeX Warning: Command \textdegree invalid in math mode on input line 720.


LaTeX Warning: Command \textdegree invalid in math mode on input line 720.

Missing character: There is no ° in font cmr10!

LaTeX Warning: Command \textdegree invalid in math mode on input line 720.


LaTeX Warning: Command \textdegree invalid in math mode on input line 720.

Missing character: There is no ° in font cmr10!

LaTeX Warning: Command \textdegree invalid in math mode on input line 723.


LaTeX Warning: Command \textdegree invalid in math mode on input line 723.

Missing character: There is no ° in font cmr10!
[39] [40] [41] [42] (./main.bbl [43] [44]) [45] (./main.aux)
 ***********
LaTeX2e <2023-11-01> patch level 1
L3 programming layer <2024-02-20>
 ***********
Package rerunfilecheck Info: File `main.out' has not changed.
(rerunfilecheck)             Checksum: 31C00E8E1026E258D492E1533F6EFD5E;10940.
 ) 
Here is how much of TeX's memory you used:
 11442 strings out of 474116
 187702 string characters out of 5674265
 1944187 words of memory out of 5000000
 33477 multiletter control sequences out of 15000+600000
 569600 words of font info for 81 fonts, out of 8000000 for 9000
 1141 hyphenation exceptions out of 8191
 75i,13n,79p,2389b,582s stack positions out of 10000i,1000n,20000p,200000b,200000s
</glade/u/apps/casper/24.12/spack/opt/spack/texlive/20240312/gcc/12.4.0/nm7e/
texmf-dist/fonts/type1/public/amsfonts/cm/cmbx10.pfb></glade/u/apps/casper/24.1
2/spack/opt/spack/texlive/20240312/gcc/12.4.0/nm7e/texmf-dist/fonts/type1/publi
c/amsfonts/cm/cmbx12.pfb></glade/u/apps/casper/24.12/spack/opt/spack/texlive/20
240312/gcc/12.4.0/nm7e/texmf-dist/fonts/type1/public/amsfonts/cm/cmex10.pfb></g
lade/u/apps/casper/24.12/spack/opt/spack/texlive/20240312/gcc/12.4.0/nm7e/texmf
-dist/fonts/type1/public/amsfonts/cm/cmmi10.pfb></glade/u/apps/casper/24.12/spa
ck/opt/spack/texlive/20240312/gcc/12.4.0/nm7e/texmf-dist/fonts/type1/public/ams
fonts/cm/cmmi6.pfb></glade/u/apps/casper/24.12/spack/opt/spack/texlive/20240312
/gcc/12.4.0/nm7e/texmf-dist/fonts/type1/public/amsfonts/cm/cmmi8.pfb></glade/u/
apps/casper/24.12/spack/opt/spack/texlive/20240312/gcc/12.4.0/nm7e/texmf-dist/f
onts/type1/public/amsfonts/cm/cmr10.pfb></glade/u/apps/casper/24.12/spack/opt/s
pack/texlive/20240312/gcc/12.4.0/nm7e/texmf-dist/fonts/type1/public/amsfonts/cm
/cmr12.pfb></glade/u/apps/casper/24.12/spack/opt/spack/texlive/20240312/gcc/12.
4.0/nm7e/texmf-dist/fonts/type1/public/amsfonts/cm/cmr17.pfb></glade/u/apps/cas
per/24.12/spack/opt/spack/texlive/20240312/gcc/12.4.0/nm7e/texmf-dist/fonts/typ
e1/public/amsfonts/cm/cmr6.pfb></glade/u/apps/casper/24.12/spack/opt/spack/texl
ive/20240312/gcc/12.4.0/nm7e/texmf-dist/fonts/type1/public/amsfonts/cm/cmr7.pfb
></glade/u/apps/casper/24.12/spack/opt/spack/texlive/20240312/gcc/12.4.0/nm7e/t
exmf-dist/fonts/type1/public/amsfonts/cm/cmr8.pfb></glade/u/apps/casper/24.12/s
pack/opt/spack/texlive/20240312/gcc/12.4.0/nm7e/texmf-dist/fonts/type1/public/a
msfonts/cm/cmsy10.pfb></glade/u/apps/casper/24.12/spack/opt/spack/texlive/20240
312/gcc/12.4.0/nm7e/texmf-dist/fonts/type1/public/amsfonts/cm/cmsy7.pfb></glade
/u/apps/casper/24.12/spack/opt/spack/texlive/20240312/gcc/12.4.0/nm7e/texmf-dis
t/fonts/type1/public/amsfonts/cm/cmsy8.pfb></glade/u/apps/casper/24.12/spack/op
t/spack/texlive/20240312/gcc/12.4.0/nm7e/texmf-dist/fonts/type1/public/amsfonts
/cm/cmti10.pfb></glade/u/apps/casper/24.12/spack/opt/spack/texlive/20240312/gcc
/12.4.0/nm7e/texmf-dist/fonts/type1/public/amsfonts/cm/cmtt10.pfb></glade/u/app
s/casper/24.12/spack/opt/spack/texlive/20240312/gcc/12.4.0/nm7e/texmf-dist/font
s/type1/public/amsfonts/symbols/msam10.pfb></glade/u/apps/casper/24.12/spack/op
t/spack/texlive/20240312/gcc/12.4.0/nm7e/texmf-dist/fonts/type1/public/amsfonts
/symbols/msbm10.pfb></glade/u/apps/casper/24.12/spack/opt/spack/texlive/2024031
2/gcc/12.4.0/nm7e/texmf-dist/fonts/type1/public/cm-super/sfrm1095.pfb>
Output written on main.pdf (45 pages, 4072429 bytes).
PDF statistics:
 794 PDF objects out of 1000 (max. 8388607)
 657 compressed objects within 7 object streams
 180 named destinations out of 1000 (max. 500000)
 424 words of extra memory for PDF output out of 10000 (max. 10000000)

